python : 
C:\Users\Defal\AppData\Roaming\Python\Python313\site-packages\requests\__init__.py:113: 
RequestsDependencyWarning: urllib3 (2.6.3) or chardet (6.0.0.post1)/charset_normalizer (3.4.5) 
doesn't match a supported version!
No linha:1 caractere:1
+ python scripts/test_shop_loader.py > test_output.log 2>&1; Get-Conten ...
+ ~~~~~~~~~~~~~~~~~~~~~~~~~~~~~~~~~~~~~~~~~~~~~~~~~~~~~~~~~
    + CategoryInfo          : NotSpecified: (C:\Users\Defal\...ported version!:String) [], Rem 
   oteException
    + FullyQualifiedErrorId : NativeCommandError
 
  warnings.warn(
2026-04-26 16:02:52.432 WARNING streamlit.runtime.scriptrunner_utils.script_run_context: 
Thread 'MainThread': missing ScriptRunContext! This warning can be ignored when running in 
bare mode.
2026-04-26 16:02:52.898 
  [33m[1mWarning:[0m to view this Streamlit app on a browser, run it with the following
  command:

    streamlit run scripts/test_shop_loader.py [ARGUMENTS]
2026-04-26 16:02:52.898 Thread 'MainThread': missing ScriptRunContext! This warning can be 
ignored when running in bare mode.
2026-04-26 16:02:52.898 Thread 'MainThread': missing ScriptRunContext! This warning can be 
ignored when running in bare mode.
======================================================================
TESTE DE CARREGAMENTO DE PRODUTOS DA LOJA
======================================================================

1. URL de entrada: https://shopee.com.br/totalmenteseu

2. Resolvendo URL...
   Resultado: {'type': 'shop', 'username': 'totalmenteseu'}
   Ô£ô Username: totalmenteseu

3. Buscando informa├º├Áes da loja...
   Tipo de retorno: <class 'dict'>
   Ô£ô Shop ID: 1744033972
   Ô£ô Nome: totalmenteseu

4. Buscando produtos via Playwright intercept...
   (Isso pode demorar alguns segundos...)

5. RESULTADO FINAL:
   Products count: 0
   Esperado: 6 produtos

ÔØî REGRESS├âO DETECTADA: Nenhum produto carregado!

   Poss├¡veis causas:
   - Endpoints da Shopee mudaram
   - Playwright n├úo est├í interceptando as respostas corretas
   - Estrutura do JSON de resposta mudou

   Pr├│ximos passos:
   - Adicionar logs no Playwright para ver quais endpoints aparecem
   - Verificar se rcmd_items ou shop_page ainda existem
   - Implementar fallback com APIs diretas

======================================================================
